test_depth_members_bytes_work_and_node_limits (test_acceptance_json.AcceptanceJsonTests.test_depth_members_bytes_work_and_node_limits) ... ok
test_original_shared_vectors (test_acceptance_json.AcceptanceJsonTests.test_original_shared_vectors) ... ok
test_shared_capacity_input (test_acceptance_json.AcceptanceJsonTests.test_shared_capacity_input) ... ok
test_complete_header_body_slices_share_pre_ingress_reservation (test_accounted_receive.AccountedReceiveTests.test_complete_header_body_slices_share_pre_ingress_reservation) ... ok
test_core_copies_reserved_before_ingress_and_charged_before_return (test_accounted_receive.AccountedReceiveTests.test_core_copies_reserved_before_ingress_and_charged_before_return) ... ok
test_core_copy_shortfall_reads_nothing_and_partial_read_keeps_reserve (test_accounted_receive.AccountedReceiveTests.test_core_copy_shortfall_reads_nothing_and_partial_read_keeps_reserve) ... ok
test_failed_partial_ingress_retains_reservation_and_allocations (test_accounted_receive.AccountedReceiveTests.test_failed_partial_ingress_retains_reservation_and_allocations) ... ok
test_foreign_producer_and_reentry_cannot_start_another_read (test_accounted_receive.AccountedReceiveTests.test_foreign_producer_and_reentry_cannot_start_another_read) ... ok
test_pre_read_cumulative_refusal_is_irreversible (test_accounted_receive.AccountedReceiveTests.test_pre_read_cumulative_refusal_is_irreversible) ... ok
test_reservation_precedes_ingress_and_payload_copies_stay_charged (test_accounted_receive.AccountedReceiveTests.test_reservation_precedes_ingress_and_payload_copies_stay_charged) ... ok
test_shared_capacity_denial_reads_nothing_and_retains_prior_custody (test_accounted_receive.AccountedReceiveTests.test_shared_capacity_denial_reads_nothing_and_retains_prior_custody) ... ok
test_slice_capacity_refuses_before_header_ingress (test_accounted_receive.AccountedReceiveTests.test_slice_capacity_refuses_before_header_ingress) ... ok
test_eof_is_one_raw_visit (test_buffered_ingress.BufferedIngressTests.test_eof_is_one_raw_visit) ... ok
test_one_raw_call_per_partial_visit (test_buffered_ingress.BufferedIngressTests.test_one_raw_call_per_partial_visit) ... ok
test_prefetched_bytes_keep_order_without_new_raw_call (test_buffered_ingress.BufferedIngressTests.test_prefetched_bytes_keep_order_without_new_raw_call) ... ok
test_subclass_cannot_substitute_receive (test_buffered_ingress.BufferedIngressTests.test_subclass_cannot_substitute_receive) ... ok
test_unsupported_stream_refuses_without_read (test_buffered_ingress.BufferedIngressTests.test_unsupported_stream_refuses_without_read) ... ok
test_descriptor_resolver_composes_with_pinned_bundle_capture (test_directory_resources.DirectoryResourceTests.test_descriptor_resolver_composes_with_pinned_bundle_capture) ... ok
test_original_root_survives_path_replacement_and_close_refuses (test_directory_resources.DirectoryResourceTests.test_original_root_survives_path_replacement_and_close_refuses) ... ok
test_symlink_parent_leaf_and_nonregular_refuse (test_directory_resources.DirectoryResourceTests.test_symlink_parent_leaf_and_nonregular_refuse) ... ok
test_original_numeric_vectors (test_exact_numeric.ExactNumericCandidateTests.test_original_numeric_vectors) ... ok
test_refusals_and_explicit_bounds (test_exact_numeric.ExactNumericCandidateTests.test_refusals_and_explicit_bounds) ... ok
test_lossless_precision_and_unavailable_views (test_exact_timestamp.ExactTimestampCandidateTests.test_lossless_precision_and_unavailable_views) ... ok
test_offset_components_cannot_be_normalized_by_python (test_exact_timestamp.ExactTimestampCandidateTests.test_offset_components_cannot_be_normalized_by_python) ... ok
test_original_timestamp_vectors (test_exact_timestamp.ExactTimestampCandidateTests.test_original_timestamp_vectors) ... ok
test_acquisition_publication_failure_retains_unresolved_without_sql (test_host_call_recovery.HostCallRecoveryTests.test_acquisition_publication_failure_retains_unresolved_without_sql) ... ok
test_acquisition_window_is_conservative (test_host_call_recovery.HostCallRecoveryTests.test_acquisition_window_is_conservative) ... ok
test_baseexception_lost_return_preserves_published_commit (test_host_call_recovery.HostCallRecoveryTests.test_baseexception_lost_return_preserves_published_commit) ... ok
test_disposal_linearizes_before_original_ordinary_reservation (test_host_call_recovery.HostCallRecoveryTests.test_disposal_linearizes_before_original_ordinary_reservation) ... ok
test_disposal_preserves_already_admitted_completion (test_host_call_recovery.HostCallRecoveryTests.test_disposal_preserves_already_admitted_completion) ... ok
test_disposed_refusals_do_not_consume_host_rollback_capacity (test_host_call_recovery.HostCallRecoveryTests.test_disposed_refusals_do_not_consume_host_rollback_capacity) ... ok
test_failed_acquisition_retains_effect_free_refusal (test_host_call_recovery.HostCallRecoveryTests.test_failed_acquisition_retains_effect_free_refusal) ... ok
test_forged_foreign_and_subclass_references_refuse (test_host_call_recovery.HostCallRecoveryTests.test_forged_foreign_and_subclass_references_refuse) ... ok
test_known_commit_with_unresolved_handback_is_inspectable (test_host_call_recovery.HostCallRecoveryTests.test_known_commit_with_unresolved_handback_is_inspectable) ... ok
test_observation_does_not_wait_for_boundary_lock (test_host_call_recovery.HostCallRecoveryTests.test_observation_does_not_wait_for_boundary_lock) ... ok
test_original_facts_survive_later_generation (test_host_call_recovery.HostCallRecoveryTests.test_original_facts_survive_later_generation) ... ok
test_owner_custody_survives_facade_collection_and_disposal (test_host_call_recovery.HostCallRecoveryTests.test_owner_custody_survives_facade_collection_and_disposal) ... ok
test_ready_and_completion_do_not_prove_unpublished_handback (test_host_call_recovery.HostCallRecoveryTests.test_ready_and_completion_do_not_prove_unpublished_handback) ... ok
test_refusal_lost_handback_does_not_capture_later_host_call (test_host_call_recovery.HostCallRecoveryTests.test_refusal_lost_handback_does_not_capture_later_host_call) ... ok
test_snapshot_publication_failure_retains_original_released_outcome (test_host_call_recovery.HostCallRecoveryTests.test_snapshot_publication_failure_retains_original_released_outcome) ... ok
test_summary_and_snapshot_allocation_faults_do_not_erase_native_commit (test_host_call_recovery.HostCallRecoveryTests.test_summary_and_snapshot_allocation_faults_do_not_erase_native_commit) ... ok
test_unknown_commit_is_retained_without_resubmission (test_host_call_recovery.HostCallRecoveryTests.test_unknown_commit_is_retained_without_resubmission) ... ok
test_acknowledged_commit_before_lost_ready_remains_known (test_host_control_custody.HostControlCustodyTests.test_acknowledged_commit_before_lost_ready_remains_known) ... ok
test_busy_shared_reservation_refuses_without_sql (test_host_control_custody.HostControlCustodyTests.test_busy_shared_reservation_refuses_without_sql) ... ok
test_complete_workflow_restores_context_and_transfers_savepoint (test_host_control_custody.HostControlCustodyTests.test_complete_workflow_restores_context_and_transfers_savepoint) ... ok
test_duplicate_adoption_is_known_refusal_without_poisoning (test_host_control_custody.HostControlCustodyTests.test_duplicate_adoption_is_known_refusal_without_poisoning) ... ok
test_explicit_baseline_required_without_implicit_sql (test_host_control_custody.HostControlCustodyTests.test_explicit_baseline_required_without_implicit_sql) ... ok
test_extended_ack_is_refused_in_simple_query (test_host_control_custody.HostControlCustodyTests.test_extended_ack_is_refused_in_simple_query) ... ok
test_foreign_bound_simple_methods_refuse_without_sql (test_host_control_custody.HostControlCustodyTests.test_foreign_bound_simple_methods_refuse_without_sql) ... ok
test_hostile_operator_cannot_hide_held_named_cursor (test_host_control_custody.HostControlCustodyTests.test_hostile_operator_cannot_hide_held_named_cursor) ... ok
test_known_deferred_abort_survives_composed_result_fault (test_host_control_custody.HostControlCustodyTests.test_known_deferred_abort_survives_composed_result_fault) ... ok
test_lost_release_reply_reconciles_exact_completed_control (test_host_control_custody.HostControlCustodyTests.test_lost_release_reply_reconciles_exact_completed_control) ... ok
test_missing_profile_command_complete_never_publishes_handle (test_host_control_custody.HostControlCustodyTests.test_missing_profile_command_complete_never_publishes_handle) ... ok
test_one_producer_per_executor_and_shared_capacity (test_host_control_custody.HostControlCustodyTests.test_one_producer_per_executor_and_shared_capacity) ... ok
test_original_context_is_reserved_before_failed_send (test_host_control_custody.HostControlCustodyTests.test_original_context_is_reserved_before_failed_send) ... ok
test_parse_and_named_bind_history_refuses_until_host_baseline (test_host_control_custody.HostControlCustodyTests.test_parse_and_named_bind_history_refuses_until_host_baseline) ... ok
test_restoration_publication_fault_retains_boundary_owned_ledger (test_host_control_custody.HostControlCustodyTests.test_restoration_publication_fault_retains_boundary_owned_ledger) ... ok
test_sql_prepare_baseline_refuses_and_preserves_host_resource (test_host_control_custody.HostControlCustodyTests.test_sql_prepare_baseline_refuses_and_preserves_host_resource) ... ok
test_text_runner_preserves_host_unnamed_resources (test_host_control_custody.HostControlCustodyTests.test_text_runner_preserves_host_unnamed_resources) ... ok
test_two_boundaries_share_atomic_capacity (test_host_control_custody.HostControlCustodyTests.test_two_boundaries_share_atomic_capacity) ... ok
test_verified_text_cleanup_allows_next_host_control (test_host_control_custody.HostControlCustodyTests.test_verified_text_cleanup_allows_next_host_control) ... ok
test_actual_deferred_commit_stall_retains_original_unknown (test_host_control_deadline.HostControlDeadlineTests.test_actual_deferred_commit_stall_retains_original_unknown) ... ok
test_completed_error_control_barrier_allows_next_begin (test_host_control_deadline.HostControlDeadlineTests.test_completed_error_control_barrier_allows_next_begin) ... ok
test_detachment_expiry_preserves_known_rollback_with_unconfirmed_handback (test_host_control_deadline.HostControlDeadlineTests.test_detachment_expiry_preserves_known_rollback_with_unconfirmed_handback) ... ok
test_effect_free_idle_adoption_preserves_original_error_send_witness (test_host_control_deadline.HostControlDeadlineTests.test_effect_free_idle_adoption_preserves_original_error_send_witness) ... ok
test_expired_acquired_scope_before_submit_retains_original_token (test_host_control_deadline.HostControlDeadlineTests.test_expired_acquired_scope_before_submit_retains_original_token) ... ok
test_expired_adoption_publication_keeps_original_claim_and_guard (test_host_control_deadline.HostControlDeadlineTests.test_expired_adoption_publication_keeps_original_claim_and_guard) ... ok
test_missing_original_error_barrier_refuses_without_sql (test_host_control_deadline.HostControlDeadlineTests.test_missing_original_error_barrier_refuses_without_sql) ... ok
test_no_captured_call_refuses_without_implicit_setup (test_host_control_deadline.HostControlDeadlineTests.test_no_captured_call_refuses_without_implicit_setup) ... ok
test_original_simple_host_error_allows_bounded_rollback (test_host_control_deadline.HostControlDeadlineTests.test_original_simple_host_error_allows_bounded_rollback) ... ok
test_preacquisition_expiry_refuses_without_sql (test_host_control_deadline.HostControlDeadlineTests.test_preacquisition_expiry_refuses_without_sql) ... ok
test_successful_idle_baseline_and_end_share_sealed_clock (test_host_control_deadline.HostControlDeadlineTests.test_successful_idle_baseline_and_end_share_sealed_clock) ... ok
test_actual_profile_and_duplicate_adoption_refuse_without_control (test_host_execution.HostExecutionTests.test_actual_profile_and_duplicate_adoption_refuse_without_control) ... ok
test_disposal_never_ends_host_transaction (test_host_execution.HostExecutionTests.test_disposal_never_ends_host_transaction) ... ok
test_execution_failure_retry_scope_is_exact (test_host_execution.HostExecutionTests.test_execution_failure_retry_scope_is_exact) ... ok
test_foreign_handles_and_original_transaction_replacement (test_host_execution.HostExecutionTests.test_foreign_handles_and_original_transaction_replacement) ... ok
test_observation_loss_is_unusable_not_foreign_handle (test_host_execution.HostExecutionTests.test_observation_loss_is_unusable_not_foreign_handle) ... ok
test_original_custody_lookup_is_inert_and_survives_quarantine (test_host_execution.HostExecutionTests.test_original_custody_lookup_is_inert_and_survives_quarantine) ... ok
test_public_shape_cannot_duplicate_original_registered_handle (test_host_execution.HostExecutionTests.test_public_shape_cannot_duplicate_original_registered_handle) ... ok
test_savepoint_rollback_failed_transaction_and_nested_invalidation (test_host_execution.HostExecutionTests.test_savepoint_rollback_failed_transaction_and_nested_invalidation) ... ok
test_uncertain_control_quarantines_without_cleanup_or_retry (test_host_execution.HostExecutionTests.test_uncertain_control_quarantines_without_cleanup_or_retry) ... ok
test_acknowledged_commit_before_lost_ready_persists (test_host_session.HostSessionTests.test_acknowledged_commit_before_lost_ready_persists) ... ok
test_acknowledged_rollback_before_lost_ready_discards (test_host_session.HostSessionTests.test_acknowledged_rollback_before_lost_ready_discards) ... ok
test_acquisition_failure_before_publication_remains_effect_free (test_host_session.HostSessionTests.test_acquisition_failure_before_publication_remains_effect_free) ... ok
test_after_executor_publication_reply_loss_reconciles_without_replay (test_host_session.HostSessionTests.test_after_executor_publication_reply_loss_reconciles_without_replay) ... ok
test_before_executor_publication_retains_original_guard (test_host_session.HostSessionTests.test_before_executor_publication_retains_original_guard) ... ok
test_capacity_refuses_before_acquiring_or_sql (test_host_session.HostSessionTests.test_capacity_refuses_before_acquiring_or_sql) ... ok
test_complete_native_error_can_rollback_to_original_savepoint (test_host_session.HostSessionTests.test_complete_native_error_can_rollback_to_original_savepoint) ... ok
test_deferred_commit_failure_is_known_rollback (test_host_session.HostSessionTests.test_deferred_commit_failure_is_known_rollback) ... ok
test_disposal_during_original_publication_never_ends_host (test_host_session.HostSessionTests.test_disposal_during_original_publication_never_ends_host) ... ok
test_disposal_preserves_host_settlement (test_host_session.HostSessionTests.test_disposal_preserves_host_settlement) ... ok
test_failed_transaction_commit_is_rollback (test_host_session.HostSessionTests.test_failed_transaction_commit_is_rollback) ... ok
test_handback_then_later_host_call_cannot_replace_original_receipt (test_host_session.HostSessionTests.test_handback_then_later_host_call_cannot_replace_original_receipt) ... ok
test_host_work_savepoint_rollback_and_commit (test_host_session.HostSessionTests.test_host_work_savepoint_rollback_and_commit) ... ok
test_known_commit_preallocated_result_survives_post_native_allocation_fault (test_host_session.HostSessionTests.test_known_commit_preallocated_result_survives_post_native_allocation_fault) ... ok
test_known_commit_survives_handback_failure (test_host_session.HostSessionTests.test_known_commit_survives_handback_failure) ... ok
test_known_deferred_abort_survives_result_selection_fault (test_host_session.HostSessionTests.test_known_deferred_abort_survives_result_selection_fault) ... ok
test_later_facade_control_cannot_replace_original_port_receipt (test_host_session.HostSessionTests.test_later_facade_control_cannot_replace_original_port_receipt) ... ok
test_lost_native_guard_release_reply_reconciles_without_second_control (test_host_session.HostSessionTests.test_lost_native_guard_release_reply_reconciles_without_second_control) ... ok
test_native_capacity_refusal_preserves_prior_savepoint_and_cleanup (test_host_session.HostSessionTests.test_native_capacity_refusal_preserves_prior_savepoint_and_cleanup) ... ok
test_original_acquisition_reply_loss_retains_preallocated_token (test_host_session.HostSessionTests.test_original_acquisition_reply_loss_retains_preallocated_token) ... ok
test_port_base_exception_after_native_effect_retains_custody (test_host_session.HostSessionTests.test_port_base_exception_after_native_effect_retains_custody) ... ok
test_rollback_and_release_publication_allocation_failures (test_host_session.HostSessionTests.test_rollback_and_release_publication_allocation_failures) ... ok
test_same_domain_facade_and_busy_do_not_retry (test_host_session.HostSessionTests.test_same_domain_facade_and_busy_do_not_retry) ... ok
test_same_executor_synthetic_port_is_not_native_session_authority (test_host_session.HostSessionTests.test_same_executor_synthetic_port_is_not_native_session_authority) ... ok
test_sent_commit_without_ready_is_unknown_and_never_retried (test_host_session.HostSessionTests.test_sent_commit_without_ready_is_unknown_and_never_retried) ... ok
test_sequential_original_generations_and_foreign_handles (test_host_session.HostSessionTests.test_sequential_original_generations_and_foreign_handles) ... ok
test_settlement_result_constructor_is_not_called_after_native_commit (test_host_session.HostSessionTests.test_settlement_result_constructor_is_not_called_after_native_commit) ... ok
test_two_boundaries_share_original_executor_publication_serialization (test_host_session.HostSessionTests.test_two_boundaries_share_original_executor_publication_serialization) ... ok
test_wrong_shared_composition_rejected_inertly (test_host_session.HostSessionTests.test_wrong_shared_composition_rejected_inertly) ... ok
test_callback_cannot_claim_simple_path_with_boolean (test_host_simple_recovery.HostSimpleRecoveryTests.test_callback_cannot_claim_simple_path_with_boolean) ... ok
test_duplicate_error_rollback_to_preserves_earlier_host_write (test_host_simple_recovery.HostSimpleRecoveryTests.test_duplicate_error_rollback_to_preserves_earlier_host_write) ... ok
test_explicit_stream_none_and_ignored_types_are_simple (test_host_simple_recovery.HostSimpleRecoveryTests.test_explicit_stream_none_and_ignored_types_are_simple) ... ok
test_missing_and_foreign_witness_refuse_without_sql (test_host_simple_recovery.HostSimpleRecoveryTests.test_missing_and_foreign_witness_refuse_without_sql) ... ok
test_nominal_packet_owns_invocation_instead_of_callback (test_host_simple_recovery.HostSimpleRecoveryTests.test_nominal_packet_owns_invocation_instead_of_callback) ... ok
test_non_none_stream_gets_no_simple_witness (test_host_simple_recovery.HostSimpleRecoveryTests.test_non_none_stream_gets_no_simple_witness) ... ok
test_real_describe_error_after_parse_keeps_queued_bind_unflushed (test_host_simple_recovery.HostSimpleRecoveryTests.test_real_describe_error_after_parse_keeps_queued_bind_unflushed) ... ok
test_real_parameterized_parse_error_refuses_without_flush (test_host_simple_recovery.HostSimpleRecoveryTests.test_real_parameterized_parse_error_refuses_without_flush) ... ok
test_replaced_call_cannot_borrow_original_descriptor (test_host_simple_recovery.HostSimpleRecoveryTests.test_replaced_call_cannot_borrow_original_descriptor) ... ok
test_all_record_outcomes_and_original_order (test_import_contracts.ImportContractTests.test_all_record_outcomes_and_original_order) ... ok
test_canonical_exact_counts_and_indices (test_import_contracts.ImportContractTests.test_canonical_exact_counts_and_indices) ... ok
test_complete_creation_counts_for_every_batch_disposition (test_import_contracts.ImportContractTests.test_complete_creation_counts_for_every_batch_disposition) ... ok
test_duplicate_overlap_missing_and_swapped_batch_membership (test_import_contracts.ImportContractTests.test_duplicate_overlap_missing_and_swapped_batch_membership) ... ok
test_empty_input_is_consistent_without_invented_inventory (test_import_contracts.ImportContractTests.test_empty_input_is_consistent_without_invented_inventory) ... ok
test_execution_ownership_is_not_inferred_from_shape (test_import_contracts.ImportContractTests.test_execution_ownership_is_not_inferred_from_shape) ... ok
test_execution_results_preserve_progress_and_family (test_import_contracts.ImportContractTests.test_execution_results_preserve_progress_and_family) ... ok
test_multiple_batches_and_unprocessed_partition (test_import_contracts.ImportContractTests.test_multiple_batches_and_unprocessed_partition) ... ok
test_payload_stays_opaque_and_document_qualified (test_import_contracts.ImportContractTests.test_payload_stays_opaque_and_document_qualified) ... ok
test_primitive_arguments_refuse_before_traversal_or_comparison (test_import_contracts.ImportContractTests.test_primitive_arguments_refuse_before_traversal_or_comparison) ... ok
test_reduced_limits_refuse_before_hash_or_decimal_work (test_import_contracts.ImportContractTests.test_reduced_limits_refuse_before_hash_or_decimal_work) ... ok
test_complete_originals_retained_and_order_independent (test_installation_archive.ArchiveTests.test_complete_originals_retained_and_order_independent) ... ok
test_descriptor_bounds_ids_and_correspondence_refuse (test_installation_archive.ArchiveTests.test_descriptor_bounds_ids_and_correspondence_refuse) ... ok
test_missing_extra_duplicate_and_changed_are_mismatch (test_installation_archive.ArchiveTests.test_missing_extra_duplicate_and_changed_are_mismatch) ... ok
test_no_empty_absence_authority_or_duplicate_registration (test_installation_archive.ArchiveTests.test_no_empty_absence_authority_or_duplicate_registration) ... ok
test_complete_bundle_retains_one_account_and_late_failure_quarantines (test_installation_resources.ResourceBundleTests.test_complete_bundle_retains_one_account_and_late_failure_quarantines) ... ok
test_missing_changed_truncated_appended_resources_quarantine_once (test_installation_resources.ResourceCaptureTests.test_missing_changed_truncated_appended_resources_quarantine_once) ... ok
test_real_file_capture_retains_verified_bytes_after_change (test_installation_resources.ResourceCaptureTests.test_real_file_capture_retains_verified_bytes_after_change) ... ok
test_reservation_refusal_precedes_open_and_invalid_pin_is_inert (test_installation_resources.ResourceCaptureTests.test_reservation_refusal_precedes_open_and_invalid_pin_is_inert) ... ok
test_duplicate_and_unsafe_closed_entries (test_installation_resources.ResourceIndexTests.test_duplicate_and_unsafe_closed_entries) ... ok
test_original_bounds_and_duplicate_membership (test_installation_resources.ResourceIndexTests.test_original_bounds_and_duplicate_membership) ... ok
test_original_closed_membership_and_independent_pin (test_installation_resources.ResourceIndexTests.test_original_closed_membership_and_independent_pin) ... ok
test_registered_length_cannot_alias_boolean_or_float (test_installation_resources.ResourceIndexTests.test_registered_length_cannot_alias_boolean_or_float) ... ok
test_budgets_on_both_sides (test_installed_admission_inventory.InstalledInventoryTests.test_budgets_on_both_sides) ... ok
test_column_grammar (test_installed_admission_inventory.InstalledInventoryTests.test_column_grammar) ... ok
test_correspondence (test_installed_admission_inventory.InstalledInventoryTests.test_correspondence) ... ok
test_definer_exact_elevation_rows_on_both_sides (test_installed_admission_inventory.InstalledInventoryTests.test_definer_exact_elevation_rows_on_both_sides) ... ok
test_definer_route_restoration_and_absence (test_installed_admission_inventory.InstalledInventoryTests.test_definer_route_restoration_and_absence) ... ok
test_duplicate_section (test_installed_admission_inventory.InstalledInventoryTests.test_duplicate_section) ... ok
test_empty_final_section_columns_obey_exact_budget_on_both_sides (test_installed_admission_inventory.InstalledInventoryTests.test_empty_final_section_columns_obey_exact_budget_on_both_sides) ... ok
test_empty_sections (test_installed_admission_inventory.InstalledInventoryTests.test_empty_sections) ... ok
test_external_definer_matching_baseline_cannot_bless_elevation (test_installed_admission_inventory.InstalledInventoryTests.test_external_definer_matching_baseline_cannot_bless_elevation) ... ok
test_foreign_equality_is_never_called (test_installed_admission_inventory.InstalledInventoryTests.test_foreign_equality_is_never_called) ... ok
test_hidden_namespace_definer_is_retained_and_refuses_matching_baseline (test_installed_admission_inventory.InstalledInventoryTests.test_hidden_namespace_definer_is_retained_and_refuses_matching_baseline) ... ok
test_identity_and_exact_scalar_mutations_on_both_sides (test_installed_admission_inventory.InstalledInventoryTests.test_identity_and_exact_scalar_mutations_on_both_sides) ... ok
test_legacy_eleven_sections_cannot_assert_no_definer (test_installed_admission_inventory.InstalledInventoryTests.test_legacy_eleven_sections_cannot_assert_no_definer) ... ok
test_membership_without_set_inherit_or_admin_is_not_authority (test_installed_admission_inventory.InstalledInventoryTests.test_membership_without_set_inherit_or_admin_is_not_authority) ... ok
test_role_reachability_exact_types_and_identity_on_both_sides (test_installed_admission_inventory.InstalledInventoryTests.test_role_reachability_exact_types_and_identity_on_both_sides) ... ok
test_role_reachability_is_required_not_legacy_empty (test_installed_admission_inventory.InstalledInventoryTests.test_role_reachability_is_required_not_legacy_empty) ... ok
test_unsafe_matching_role_baseline_cannot_bless_authority (test_installed_admission_inventory.InstalledInventoryTests.test_unsafe_matching_role_baseline_cannot_bless_authority) ... ok
test_hidden_operator_implementation_cannot_match_unsafe_baseline (test_installed_admission_operator_routes.OperatorRouteTests.test_hidden_operator_implementation_cannot_match_unsafe_baseline) ... ok
test_operator_execution_revocation_and_removal_restore_baseline (test_installed_admission_operator_routes.OperatorRouteTests.test_operator_execution_revocation_and_removal_restore_baseline) ... ok
test_constructor_failure_with_postmaster_marker_retains_custody (test_local_runtime.LocalRuntimeTests.test_constructor_failure_with_postmaster_marker_retains_custody) ... ok
test_failed_cleanup_retains_lease_until_explicit_recovery (test_local_runtime.LocalRuntimeTests.test_failed_cleanup_retains_lease_until_explicit_recovery) ... ok
test_nested_directory_custody_and_independent_servers (test_local_runtime.LocalRuntimeTests.test_nested_directory_custody_and_independent_servers) ... ok
test_nonempty_and_wrong_version_directories_refuse_unchanged (test_local_runtime.LocalRuntimeTests.test_nonempty_and_wrong_version_directories_refuse_unchanged) ... ok
test_retained_commit_and_exception_cleanup (test_local_runtime.LocalRuntimeTests.test_retained_commit_and_exception_cleanup) ... ok
test_direct_input_refusals (test_migration_planning.MigrationPlanningTests.test_direct_input_refusals) ... ok
test_shared_original_expected_results (test_migration_planning.MigrationPlanningTests.test_shared_original_expected_results) ... ok
test_before_and_after_executor_insertion_faults_keep_inert_custody (test_native_adoption.NativeAdoptionTests.test_before_and_after_executor_insertion_faults_keep_inert_custody) ... ok
test_before_reservation_publication_fault_is_retained_without_sql (test_native_adoption.NativeAdoptionTests.test_before_reservation_publication_fault_is_retained_without_sql) ... ok
test_competing_claim_refuses_before_observation (test_native_adoption.NativeAdoptionTests.test_competing_claim_refuses_before_observation) ... ok
test_confirmed_end_allows_another_executor_on_new_generation (test_native_adoption.NativeAdoptionTests.test_confirmed_end_allows_another_executor_on_new_generation) ... ok
test_disposal_during_observation_never_refunds_claim (test_native_adoption.NativeAdoptionTests.test_disposal_during_observation_never_refunds_claim) ... ok
test_executor_retention_limit_refuses_before_original_observation (test_native_adoption.NativeAdoptionTests.test_executor_retention_limit_refuses_before_original_observation) ... ok
test_fatal_observation_interruption_retains_original_claim (test_native_adoption.NativeAdoptionTests.test_fatal_observation_interruption_retains_original_claim) ... ok
test_full_select_profile_disagreement_cannot_refund_snapshot_probe (test_native_adoption.NativeAdoptionTests.test_full_select_profile_disagreement_cannot_refund_snapshot_probe) ... ok
test_intervening_same_token_command_prevents_publication_and_refund (test_native_adoption.NativeAdoptionTests.test_intervening_same_token_command_prevents_publication_and_refund) ... ok
test_known_profile_mismatch_refunds_exact_claim_with_history (test_native_adoption.NativeAdoptionTests.test_known_profile_mismatch_refunds_exact_claim_with_history) ... ok
test_lost_profile_refund_reply_preserves_terminal_original_refusal (test_native_adoption.NativeAdoptionTests.test_lost_profile_refund_reply_preserves_terminal_original_refusal) ... ok
test_lost_reservation_reply_retains_exact_original_claim_without_sql (test_native_adoption.NativeAdoptionTests.test_lost_reservation_reply_retains_exact_original_claim_without_sql) ... ok
test_native_final_publication_fault_preserves_original_decision (test_native_adoption.NativeAdoptionTests.test_native_final_publication_fault_preserves_original_decision) ... ok
test_observation_failure_retains_original_claim (test_native_adoption.NativeAdoptionTests.test_observation_failure_retains_original_claim) ... ok
test_pre_final_publication_failure_cannot_admit_partial_index (test_native_adoption.NativeAdoptionTests.test_pre_final_publication_failure_cannot_admit_partial_index) ... ok
test_refusal_history_capacity_is_conjunctive_before_observation (test_native_adoption.NativeAdoptionTests.test_refusal_history_capacity_is_conjunctive_before_observation) ... ok
test_second_neutral_profile_call_unknown_retains_both_checks (test_native_adoption.NativeAdoptionTests.test_second_neutral_profile_call_unknown_retains_both_checks) ... ok
test_second_observation_cannot_erase_original_claim_evidence (test_native_adoption.NativeAdoptionTests.test_second_observation_cannot_erase_original_claim_evidence) ... ok
test_snapshot_neutral_isolation_and_access_refusals (test_native_adoption.NativeAdoptionTests.test_snapshot_neutral_isolation_and_access_refusals) ... ok
test_two_executors_share_original_claim_without_second_sql (test_native_adoption.NativeAdoptionTests.test_two_executors_share_original_claim_without_second_sql) ... ok
test_unindexed_failed_custody_retained_after_generation_end_and_gc (test_native_adoption.NativeAdoptionTests.test_unindexed_failed_custody_retained_after_generation_end_and_gc) ... ok
test_unrelated_observer_cannot_consume_original_adoption_probe (test_native_adoption.NativeAdoptionTests.test_unrelated_observer_cannot_consume_original_adoption_probe) ... ok
test_abandon_between_reservation_and_acquire_clears_only_unacquired_claim (test_native_arbitration.NativeArbitrationTests.test_abandon_between_reservation_and_acquire_clears_only_unacquired_claim) ... ok
test_abandoned_unacquired_attempt_does_not_strand_native_guard (test_native_arbitration.NativeArbitrationTests.test_abandoned_unacquired_attempt_does_not_strand_native_guard) ... ok
test_binding_lost_reply_reconciles_same_retained_session (test_native_arbitration.NativeArbitrationTests.test_binding_lost_reply_reconciles_same_retained_session) ... ok
test_binding_prepublication_failure_reuses_original_session (test_native_arbitration.NativeArbitrationTests.test_binding_prepublication_failure_reuses_original_session) ... ok
test_call_limit_close_refusal_preserves_original_live_resource (test_native_arbitration.NativeArbitrationTests.test_call_limit_close_refusal_preserves_original_live_resource) ... ok
test_call_limit_prepare_refusal_does_not_reserve_or_quarantine (test_native_arbitration.NativeArbitrationTests.test_call_limit_prepare_refusal_does_not_reserve_or_quarantine) ... ok
test_call_limit_refuses_before_native_submission (test_native_arbitration.NativeArbitrationTests.test_call_limit_refuses_before_native_submission) ... ok
test_closed_prepared_assembly_does_not_strand_native_guard (test_native_arbitration.NativeArbitrationTests.test_closed_prepared_assembly_does_not_strand_native_guard) ... ok
test_completion_attempt_freezes_new_calls_without_releasing_custody (test_native_arbitration.NativeArbitrationTests.test_completion_attempt_freezes_new_calls_without_releasing_custody) ... ok
test_confirmed_end_retains_original_lease_and_rejects_stale_context (test_native_arbitration.NativeArbitrationTests.test_confirmed_end_retains_original_lease_and_rejects_stale_context) ... ok
test_disposal_closes_submission_without_erasing_original_session (test_native_arbitration.NativeArbitrationTests.test_disposal_closes_submission_without_erasing_original_session) ... ok
test_foreign_attempt_refuses_without_guard_or_sql_change (test_native_arbitration.NativeArbitrationTests.test_foreign_attempt_refuses_without_guard_or_sql_change) ... ok
test_foreign_bytes_and_empty_inventory_cannot_release (test_native_arbitration.NativeArbitrationTests.test_foreign_bytes_and_empty_inventory_cannot_release) ... ok
test_lost_acquire_reply_keeps_pending_guard_before_session_exists (test_native_arbitration.NativeArbitrationTests.test_lost_acquire_reply_keeps_pending_guard_before_session_exists) ... ok
test_original_call_reserved_before_transport_failure (test_native_arbitration.NativeArbitrationTests.test_original_call_reserved_before_transport_failure) ... ok
test_real_prepared_execution_retains_original_calls_in_one_lease (test_native_arbitration.NativeArbitrationTests.test_real_prepared_execution_retains_original_calls_in_one_lease) ... ok
test_session_allocation_failure_keeps_acquired_original_guard (test_native_arbitration.NativeArbitrationTests.test_session_allocation_failure_keeps_acquired_original_guard) ... ok
test_two_boundaries_share_service_retention_under_concurrent_bind (test_native_arbitration.NativeArbitrationTests.test_two_boundaries_share_service_retention_under_concurrent_bind) ... ok
test_active_native_cancel_contains_and_preserves_host (test_native_cancellation.NativeCancellationTests.test_active_native_cancel_contains_and_preserves_host) ... ok
test_auxiliary_socket_allocation_failure_does_not_poison_host (test_native_cancellation.NativeCancellationTests.test_auxiliary_socket_allocation_failure_does_not_poison_host) ... ok
test_cancel_before_admission_after_binding_runs_no_sql (test_native_cancellation.NativeCancellationTests.test_cancel_before_admission_after_binding_runs_no_sql) ... ok
test_cancel_state_does_not_expose_key_in_repr (test_native_cancellation.NativeCancellationTests.test_cancel_state_does_not_expose_key_in_repr) ... ok
test_direct_submission_publication_loss_retains_sent_facts (test_native_cancellation.NativeCancellationTests.test_direct_submission_publication_loss_retains_sent_facts) ... ok
test_disposal_retains_reserved_cancellation_cleanup (test_native_cancellation.NativeCancellationTests.test_disposal_retains_reserved_cancellation_cleanup) ... ok
test_duplicate_requests_never_send_twice (test_native_cancellation.NativeCancellationTests.test_duplicate_requests_never_send_twice) ... ok
test_eof_barrier_blocks_handback_after_native_drain (test_native_cancellation.NativeCancellationTests.test_eof_barrier_blocks_handback_after_native_drain) ... ok
test_eof_notification_loss_retains_original_completed_facts (test_native_cancellation.NativeCancellationTests.test_eof_notification_loss_retains_original_completed_facts) ... ok
test_foreign_and_reused_handles_refuse_before_native (test_native_cancellation.NativeCancellationTests.test_foreign_and_reused_handles_refuse_before_native) ... ok
test_latched_request_after_preexecute_check_dispatches_once (test_native_cancellation.NativeCancellationTests.test_latched_request_after_preexecute_check_dispatches_once) ... ok
test_missing_original_drain_retains_eof_barrier (test_native_cancellation.NativeCancellationTests.test_missing_original_drain_retains_eof_barrier) ... ok
test_original_socket_profile_timeout_is_preserved (test_native_cancellation.NativeCancellationTests.test_original_socket_profile_timeout_is_preserved) ... ok
test_pre_cancel_has_no_native_statement (test_native_cancellation.NativeCancellationTests.test_pre_cancel_has_no_native_statement) ... ok
test_request_after_execute_send_before_sync_stays_latched (test_native_cancellation.NativeCancellationTests.test_request_after_execute_send_before_sync_stays_latched) ... ok
test_request_during_prepare_is_unsent_and_contained (test_native_cancellation.NativeCancellationTests.test_request_during_prepare_is_unsent_and_contained) ... ok
test_same_handle_concurrent_claim_loser_does_not_quarantine_winner (test_native_cancellation.NativeCancellationTests.test_same_handle_concurrent_claim_loser_does_not_quarantine_winner) ... ok
test_second_profile_refusal_closes_channel_before_release (test_native_cancellation.NativeCancellationTests.test_second_profile_refusal_closes_channel_before_release) ... ok
test_sync_send_failure_after_execute_is_unknown_not_unsent (test_native_cancellation.NativeCancellationTests.test_sync_send_failure_after_execute_is_unknown_not_unsent) ... ok
test_transport_failure_retains_native_success_and_quarantines (test_native_cancellation.NativeCancellationTests.test_transport_failure_retains_native_success_and_quarantines) ... ok
test_transport_timeout_never_becomes_cancelled_success (test_native_cancellation.NativeCancellationTests.test_transport_timeout_never_becomes_cancelled_success) ... ok
test_unbounded_main_socket_profile_is_effectfree_refusal (test_native_cancellation.NativeCancellationTests.test_unbounded_main_socket_profile_is_effectfree_refusal) ... ok
test_unexpected_cancel_reply_retains_original_error (test_native_cancellation.NativeCancellationTests.test_unexpected_cancel_reply_retains_original_error) ... ok
test_unused_channel_closure_precedes_completion_handback (test_native_cancellation.NativeCancellationTests.test_unused_channel_closure_precedes_completion_handback) ... ok
test_whole_call_completion_wins_late_request (test_native_cancellation.NativeCancellationTests.test_whole_call_completion_wins_late_request) ... ok
test_exact_allowances (test_native_deadline.DeadlineClockTests.test_exact_allowances) ... ok
test_fixed_ordinary_and_single_settlement_phase (test_native_deadline.DeadlineClockTests.test_fixed_ordinary_and_single_settlement_phase) ... ok
test_captured_command_complete_survives_later_ingress_expiry (test_native_deadline.NativeDeadlineTests.test_captured_command_complete_survives_later_ingress_expiry) ... ok
test_expired_prepared_call_contains_prior_host_work (test_native_deadline.NativeDeadlineTests.test_expired_prepared_call_contains_prior_host_work) ... ok
test_expiry_after_preflight_preserves_unfinished_ingress_custody (test_native_deadline.NativeDeadlineTests.test_expiry_after_preflight_preserves_unfinished_ingress_custody) ... ok
test_expiry_before_savepoint_does_not_invent_containment (test_native_deadline.NativeDeadlineTests.test_expiry_before_savepoint_does_not_invent_containment) ... ok
test_foreign_stream_refuses_before_native_acquisition (test_native_deadline.NativeDeadlineTests.test_foreign_stream_refuses_before_native_acquisition) ... ok
test_lost_completed_reply_reconciles_after_clock_expiry_without_sql (test_native_deadline.NativeDeadlineTests.test_lost_completed_reply_reconciles_after_clock_expiry_without_sql) ... ok
test_native_success_preserves_finite_host_timeout (test_native_deadline.NativeDeadlineTests.test_native_success_preserves_finite_host_timeout) ... ok
test_post_result_expiry_rolls_back_original_scope (test_native_deadline.NativeDeadlineTests.test_post_result_expiry_rolls_back_original_scope) ... ok
test_preacquisition_expiry_is_no_sql (test_native_deadline.NativeDeadlineTests.test_preacquisition_expiry_is_no_sql) ... ok
test_real_elapsed_native_call_ingress_timeout_quarantines (test_native_deadline.NativeDeadlineTests.test_real_elapsed_native_call_ingress_timeout_quarantines) ... ok
test_settlement_expiry_retains_unusable_original_scope (test_native_deadline.NativeDeadlineTests.test_settlement_expiry_retains_unusable_original_scope) ... ok
test_success_restoration_entry_expiry_keeps_unresolved_savepoint (test_native_deadline.NativeDeadlineTests.test_success_restoration_entry_expiry_keeps_unresolved_savepoint) ... ok
test_successful_release_expiry_does_not_invent_rollback (test_native_deadline.NativeDeadlineTests.test_successful_release_expiry_does_not_invent_rollback) ... ok
test_baseexception_during_setter_restores_timeout (test_native_ingress_deadline.IngressDeadlineTests.test_baseexception_during_setter_restores_timeout) ... ok
test_buffered_only_read_cannot_ignore_expired_clock (test_native_ingress_deadline.IngressDeadlineTests.test_buffered_only_read_cannot_ignore_expired_clock) ... ok
test_changed_timeout_refuses_without_overwriting_host_mutation (test_native_ingress_deadline.IngressDeadlineTests.test_changed_timeout_refuses_without_overwriting_host_mutation) ... ok
test_failed_original_ingress_cannot_retry (test_native_ingress_deadline.IngressDeadlineTests.test_failed_original_ingress_cannot_retry) ... ok
test_foreign_stream_or_socket_is_not_selected (test_native_ingress_deadline.IngressDeadlineTests.test_foreign_stream_or_socket_is_not_selected) ... ok
test_partial_setter_reply_loss_still_restores_baseline (test_native_ingress_deadline.IngressDeadlineTests.test_partial_setter_reply_loss_still_restores_baseline) ... ok
test_post_read_expiry_restores_timeout_before_refusal (test_native_ingress_deadline.IngressDeadlineTests.test_post_read_expiry_restores_timeout_before_refusal) ... ok
test_restoration_failure_quarantines_successful_bytes (test_native_ingress_deadline.IngressDeadlineTests.test_restoration_failure_quarantines_successful_bytes) ... ok
test_settlement_phase_uses_same_original_remaining_clock (test_native_ingress_deadline.IngressDeadlineTests.test_settlement_phase_uses_same_original_remaining_clock) ... ok
test_stricter_host_timeout_wins_and_is_restored (test_native_ingress_deadline.IngressDeadlineTests.test_stricter_host_timeout_wins_and_is_restored) ... ok
test_success_restores_original_none_timeout (test_native_ingress_deadline.IngressDeadlineTests.test_success_restores_original_none_timeout) ... ok
test_busy_refusal_leaves_winner_unchanged (test_native_operation.NativeOperationTests.test_busy_refusal_leaves_winner_unchanged) ... ok
test_cleanup_failure_cannot_publish_completion (test_native_operation.NativeOperationTests.test_cleanup_failure_cannot_publish_completion) ... ok
test_completed_gate_does_not_pin_historical_host_context (test_native_operation.NativeOperationTests.test_completed_gate_does_not_pin_historical_host_context) ... ok
test_disposal_does_not_interrupt_reserved_cleanup (test_native_operation.NativeOperationTests.test_disposal_does_not_interrupt_reserved_cleanup) ... ok
test_foreign_null_encoder_refuses_before_sql (test_native_operation.NativeOperationTests.test_foreign_null_encoder_refuses_before_sql) ... ok
test_lost_completion_publication_reply_reconciles_original (test_native_operation.NativeOperationTests.test_lost_completion_publication_reply_reconciles_original) ... ok
test_lost_handback_reply_and_stale_reconcile_do_not_clear_later_owner (test_native_operation.NativeOperationTests.test_lost_handback_reply_and_stale_reconcile_do_not_clear_later_owner) ... ok
test_native_text_error_is_contained (test_native_operation.NativeOperationTests.test_native_text_error_is_contained) ... ok
test_ordinary_call_exhaustion_retains_cleanup_capacity (test_native_operation.NativeOperationTests.test_ordinary_call_exhaustion_retains_cleanup_capacity) ... ok
test_oversized_native_cell_quarantines_and_retains_guard (test_native_operation.NativeOperationTests.test_oversized_native_cell_quarantines_and_retains_guard) ... ok
test_preexisting_prepared_resource_is_preserved (test_native_operation.NativeOperationTests.test_preexisting_prepared_resource_is_preserved) ... ok
test_success_failure_success_preserves_host (test_native_operation.NativeOperationTests.test_success_failure_success_preserves_host) ... ok
test_synthetic_port_refuses_selected_native_profile (test_native_operation.NativeOperationTests.test_synthetic_port_refuses_selected_native_profile) ... ok
test_unicode_and_null_are_lossless (test_native_operation.NativeOperationTests.test_unicode_and_null_are_lossless) ... ok
test_unqualified_sql_cannot_change_host_settings (test_native_operation.NativeOperationTests.test_unqualified_sql_cannot_change_host_settings) ... ok
test_actual_backpressure_timeout_retains_unknown_prefix (test_native_outbound.OutboundTests.test_actual_backpressure_timeout_retains_unknown_prefix) ... ok
test_exact_bytes_order_and_frozen_record (test_native_outbound.OutboundTests.test_exact_bytes_order_and_frozen_record) ... ok
test_foreign_revision_cannot_establish_empty_baseline (test_native_outbound.OutboundTests.test_foreign_revision_cannot_establish_empty_baseline) ... ok
test_mutable_bytes_refused_before_retention_or_send (test_native_outbound.OutboundTests.test_mutable_bytes_refused_before_retention_or_send) ... ok
test_native_error_ready_does_not_establish_empty_baseline (test_native_outbound.OutboundTests.test_native_error_ready_does_not_establish_empty_baseline) ... ok
test_record_capacity_refuses_before_second_send (test_native_outbound.OutboundTests.test_record_capacity_refuses_before_second_send) ... ok
test_send_return_survives_timeout_restoration_failure (test_native_outbound.OutboundTests.test_send_return_survives_timeout_restoration_failure) ... ok
test_attach_requires_idle_and_single_original_owner (test_native_pg8000.NativeBoundaryTests.test_attach_requires_idle_and_single_original_owner) ... ok
test_capture_overflow_is_retained_incomplete_and_quarantined (test_native_pg8000.NativeBoundaryTests.test_capture_overflow_is_retained_incomplete_and_quarantined) ... ok
test_close_vs_run_cannot_submit_after_native_close (test_native_pg8000.NativeBoundaryTests.test_close_vs_run_cannot_submit_after_native_close) ... ok
test_closed_prepared_validation_is_inside_call_admission (test_native_pg8000.NativeBoundaryTests.test_closed_prepared_validation_is_inside_call_admission) ... ok
test_competing_call_refuses_before_original_driver_invocation (test_native_pg8000.NativeBoundaryTests.test_competing_call_refuses_before_original_driver_invocation) ... ok
test_extended_call_keeps_all_ready_cycles (test_native_pg8000.NativeBoundaryTests.test_extended_call_keeps_all_ready_cycles) ... ok
test_missing_completion_keeps_original_operation_quarantined (test_native_pg8000.NativeBoundaryTests.test_missing_completion_keeps_original_operation_quarantined) ... ok
test_original_error_and_rollback_survive_driver_exception (test_native_pg8000.NativeBoundaryTests.test_original_error_and_rollback_survive_driver_exception) ... ok
test_prepared_and_host_calls_share_operation_guard (test_native_pg8000.NativeBoundaryTests.test_prepared_and_host_calls_share_operation_guard) ... ok
test_raw_alias_events_quarantine_without_claiming_pre_effect_refusal (test_native_pg8000.NativeBoundaryTests.test_raw_alias_events_quarantine_without_claiming_pre_effect_refusal) ... ok
test_transport_loss_after_prior_ready_is_not_settled (test_native_pg8000.NativeBoundaryTests.test_transport_loss_after_prior_ready_is_not_settled) ... ok
test_close_complete_before_bookkeeping_failure_retains_closed_fact (test_native_resources.NativeResourceTests.test_close_complete_before_bookkeeping_failure_retains_closed_fact) ... ok
test_creation_and_close_require_original_acknowledgements (test_native_resources.NativeResourceTests.test_creation_and_close_require_original_acknowledgements) ... ok
test_exact_retained_count_refuses_before_sql_even_after_close (test_native_resources.NativeResourceTests.test_exact_retained_count_refuses_before_sql_even_after_close) ... ok
test_lost_caller_handle_stays_owned_by_original_boundary (test_native_resources.NativeResourceTests.test_lost_caller_handle_stays_owned_by_original_boundary) ... ok
test_lost_wrapper_publication_preserves_exact_native_resource (test_native_resources.NativeResourceTests.test_lost_wrapper_publication_preserves_exact_native_resource) ... ok
test_missing_close_complete_never_claims_closed_from_ready (test_native_resources.NativeResourceTests.test_missing_close_complete_never_claims_closed_from_ready) ... ok
test_missing_prepare_completion_retains_name_before_submission (test_native_resources.NativeResourceTests.test_missing_prepare_completion_retains_name_before_submission) ... ok
test_parse_complete_followed_by_describe_error_retains_creation (test_native_resources.NativeResourceTests.test_parse_complete_followed_by_describe_error_retains_creation) ... ok
test_refused_competing_close_cannot_quarantine_original_close (test_native_resources.NativeResourceTests.test_refused_competing_close_cannot_quarantine_original_close) ... ok
test_actual_observation_cannot_resolve_host_shadow_functions (test_native_transactions.NativeTransactionTests.test_actual_observation_cannot_resolve_host_shadow_functions) ... ok
test_actual_profile_nonallocating_xid_and_scope (test_native_transactions.NativeTransactionTests.test_actual_profile_nonallocating_xid_and_scope) ... ok
test_confirmed_end_allows_new_adoption_preserving_original_custody (test_native_transactions.NativeTransactionTests.test_confirmed_end_allows_new_adoption_preserving_original_custody) ... ok
test_deferred_commit_error_ends_original_generation (test_native_transactions.NativeTransactionTests.test_deferred_commit_error_ends_original_generation) ... ok
test_ended_port_cannot_be_readopted_as_new_generation (test_native_transactions.NativeTransactionTests.test_ended_port_cannot_be_readopted_as_new_generation) ... ok
test_failed_commit_records_actual_rollback_and_retires_generation (test_native_transactions.NativeTransactionTests.test_failed_commit_records_actual_rollback_and_retires_generation) ... ok
test_host_release_invalidates_executor_savepoint_before_control (test_native_transactions.NativeTransactionTests.test_host_release_invalidates_executor_savepoint_before_control) ... ok
test_host_shadowing_cannot_redirect_original_executor_handle (test_native_transactions.NativeTransactionTests.test_host_shadowing_cannot_redirect_original_executor_handle) ... ok
test_identifier_and_capacity_refuse_before_submission (test_native_transactions.NativeTransactionTests.test_identifier_and_capacity_refuse_before_submission) ... ok
test_monotone_epoch_exhaustion_refuses_before_native_control (test_native_transactions.NativeTransactionTests.test_monotone_epoch_exhaustion_refuses_before_native_control) ... ok
test_original_control_survives_post_native_publication_failure (test_native_transactions.NativeTransactionTests.test_original_control_survives_post_native_publication_failure) ... ok
test_real_private_executor_adoption_and_failed_savepoint_cleanup (test_native_transactions.NativeTransactionTests.test_real_private_executor_adoption_and_failed_savepoint_cleanup) ... ok
test_repeated_begin_and_chained_end_generations (test_native_transactions.NativeTransactionTests.test_repeated_begin_and_chained_end_generations) ... ok
test_shadowing_rollback_and_release_use_original_stack (test_native_transactions.NativeTransactionTests.test_shadowing_rollback_and_release_use_original_stack) ... ok
test_unasserted_multistatement_lifecycle_quarantines_after_effects (test_native_transactions.NativeTransactionTests.test_unasserted_multistatement_lifecycle_quarantines_after_effects) ... ok
test_async_or_nonvoid_verification_cannot_dispatch (test_operation_admission.AdmissionCustodyTests.test_async_or_nonvoid_verification_cannot_dispatch) ... ok
test_close_and_reentrant_verification_prevent_dispatch (test_operation_admission.AdmissionCustodyTests.test_close_and_reentrant_verification_prevent_dispatch) ... ok
test_deferred_admission_never_escapes_custody (test_operation_admission.AdmissionCustodyTests.test_deferred_admission_never_escapes_custody) ... ok
test_failure_never_restores_permission (test_operation_admission.AdmissionCustodyTests.test_failure_never_restores_permission) ... ok
test_foreign_custody_and_invalid_capacity_refuse (test_operation_admission.AdmissionCustodyTests.test_foreign_custody_and_invalid_capacity_refuse) ... ok
test_one_use_and_original_input_correspondence (test_operation_admission.AdmissionCustodyTests.test_one_use_and_original_input_correspondence) ... ok
test_before_and_after_root_publication_faults_keep_single_owner (test_operation_arbitration.OperationArbitrationTests.test_before_and_after_root_publication_faults_keep_single_owner) ... ok
test_close_abandons_prepared_only_and_preserves_other_assembly (test_operation_arbitration.OperationArbitrationTests.test_close_abandons_prepared_only_and_preserves_other_assembly) ... ok
test_duplicate_registry_for_exact_executor_refuses (test_operation_arbitration.OperationArbitrationTests.test_duplicate_registry_for_exact_executor_refuses) ... ok
test_ended_commit_unknown_closes_slot_but_retains_original_recovery (test_operation_arbitration.OperationArbitrationTests.test_ended_commit_unknown_closes_slot_but_retains_original_recovery) ... ok
test_explicit_reconciliation_after_verifier_recovery (test_operation_arbitration.OperationArbitrationTests.test_explicit_reconciliation_after_verifier_recovery) ... ok
test_invalid_or_oversized_ended_recovery_is_not_dropped (test_operation_arbitration.OperationArbitrationTests.test_invalid_or_oversized_ended_recovery_is_not_dropped) ... ok
test_old_completion_cannot_release_new_owner (test_operation_arbitration.OperationArbitrationTests.test_old_completion_cannot_release_new_owner) ... ok
test_prepare_and_observe_are_inert_and_never_acquire (test_operation_arbitration.OperationArbitrationTests.test_prepare_and_observe_are_inert_and_never_acquire) ... ok
test_prior_completion_context_cannot_release_later_lease (test_operation_arbitration.OperationArbitrationTests.test_prior_completion_context_cannot_release_later_lease) ... ok
test_recovery_budget_admission_precedes_retained_result (test_operation_arbitration.OperationArbitrationTests.test_recovery_budget_admission_precedes_retained_result) ... ok
test_recovery_or_incomplete_ledger_prevents_release (test_operation_arbitration.OperationArbitrationTests.test_recovery_or_incomplete_ledger_prevents_release) ... ok
test_release_publication_faults_reconcile_without_stranding (test_operation_arbitration.OperationArbitrationTests.test_release_publication_faults_reconcile_without_stranding) ... ok
test_resource_reservation_and_terminal_retention (test_operation_arbitration.OperationArbitrationTests.test_resource_reservation_and_terminal_retention) ... ok
test_shared_transaction_busy_is_terminal_even_after_release (test_operation_arbitration.OperationArbitrationTests.test_shared_transaction_busy_is_terminal_even_after_release) ... ok
test_uncertain_completion_retains_slot_and_custody_after_close (test_operation_arbitration.OperationArbitrationTests.test_uncertain_completion_retains_slot_and_custody_after_close) ... ok
test_unusable_caller_does_not_release_and_ended_invalidates_handles (test_operation_arbitration.OperationArbitrationTests.test_unusable_caller_does_not_release_and_ended_invalidates_handles) ... ok
test_verifier_runs_outside_lock_while_ownership_remains_held (test_operation_arbitration.OperationArbitrationTests.test_verifier_runs_outside_lock_while_ownership_remains_held) ... ok
test_foreign_custody_and_connection_close (test_operation_ordinal.OperationOrdinalRegistryTests.test_foreign_custody_and_connection_close) ... ok
test_shared_facades_and_ended_transaction_cannot_reset (test_operation_ordinal.OperationOrdinalRegistryTests.test_shared_facades_and_ended_transaction_cannot_reset) ... ok
test_native_maximum_and_exact_argument_types (test_operation_ordinal.OperationOrdinalTests.test_native_maximum_and_exact_argument_types) ... ok
test_shared_custody_corpus (test_operation_ordinal.OperationOrdinalTests.test_shared_custody_corpus) ... ok
test_all_phases_and_full_unordered_surviving_multiset (test_operation_registry.OperationRegistryTests.test_all_phases_and_full_unordered_surviving_multiset) ... ok
test_independent_numeric_null_phase_and_carrier_refusals (test_operation_registry.OperationRegistryTests.test_independent_numeric_null_phase_and_carrier_refusals) ... ok
test_original_descriptor_completion_and_exact_byte_bounds (test_operation_registry.OperationRegistryTests.test_original_descriptor_completion_and_exact_byte_bounds) ... ok
test_exact_values_keep_spelling_order_and_presence (test_public_contracts.PublicContractTests.test_exact_values_keep_spelling_order_and_presence) ... ok
test_handle_nominality_and_readonly_description (test_public_contracts.PublicContractTests.test_handle_nominality_and_readonly_description) ... ok
test_invalid_shapes_do_not_coerce (test_public_contracts.PublicContractTests.test_invalid_shapes_do_not_coerce) ... ok
test_language_neutral_exact_value_vectors (test_public_contracts.PublicContractTests.test_language_neutral_exact_value_vectors) ... ok
test_request_free_refuses_receipt_replay_and_conflict (test_public_contracts.PublicContractTests.test_request_free_refuses_receipt_replay_and_conflict) ... ok
test_retry_scope_correlations_are_runtime_validated (test_public_contracts.PublicContractTests.test_retry_scope_correlations_are_runtime_validated) ... ok
test_async_and_nonvoid_checks_cannot_permit_sql (test_query_execution.QueryExecutionTests.test_async_and_nonvoid_checks_cannot_permit_sql) ... ok
test_async_context_exit_cannot_publish_or_enter (test_query_execution.QueryExecutionTests.test_async_context_exit_cannot_publish_or_enter) ... ok
test_async_context_verification_cannot_permit_sql (test_query_execution.QueryExecutionTests.test_async_context_verification_cannot_permit_sql) ... ok
test_disposal_and_reentrancy_do_not_repeat_native_work (test_query_execution.QueryExecutionTests.test_disposal_and_reentrancy_do_not_repeat_native_work) ... ok
test_disposal_during_context_exit_withholds_buffered_result (test_query_execution.QueryExecutionTests.test_disposal_during_context_exit_withholds_buffered_result) ... ok
test_drift_cleanup_and_numeric_transport_withhold_results (test_query_execution.QueryExecutionTests.test_drift_cleanup_and_numeric_transport_withhold_results) ... ok
test_missing_host_foreign_plan_and_unknown_obligation_never_acquire (test_query_execution.QueryExecutionTests.test_missing_host_foreign_plan_and_unknown_obligation_never_acquire) ... ok
test_obligations_and_publication_recheck_have_original_order (test_query_execution.QueryExecutionTests.test_obligations_and_publication_recheck_have_original_order) ... ok
test_original_host_functions_are_captured_at_construction (test_query_execution.QueryExecutionTests.test_original_host_functions_are_captured_at_construction) ... ok
test_suppressed_host_failure_cannot_become_empty_success (test_query_execution.QueryExecutionTests.test_suppressed_host_failure_cannot_become_empty_success) ... ok
test_wrapped_async_cleanup_withholds_buffered_result (test_query_execution.QueryExecutionTests.test_wrapped_async_cleanup_withholds_buffered_result) ... ok
test_canonicality_bounds_domains_and_closed_members (test_receipt_position.ReceiptPositionTests.test_canonicality_bounds_domains_and_closed_members) ... ok
test_original_wire_vectors (test_receipt_position.ReceiptPositionTests.test_original_wire_vectors) ... ok
test_original_arithmetic_witnesses (test_resource_account.BytePermitTests.test_original_arithmetic_witnesses) ... ok
test_original_tokens_and_atomic_cumulative_refusal (test_resource_account.BytePermitTests.test_original_tokens_and_atomic_cumulative_refusal) ... ok
test_retained_record_capacity_never_refunded (test_resource_account.BytePermitTests.test_retained_record_capacity_never_refunded) ... ok
test_spent_and_unknown_custody_survive_release_and_close (test_resource_account.BytePermitTests.test_spent_and_unknown_custody_survive_release_and_close) ... ok
test_exact_combined_registration_limits_retain_full_membership (test_resource_registration_preflight.ResourceRegistrationPreflightTests.test_exact_combined_registration_limits_retain_full_membership) ... ok
test_registered_count_and_bytes_refuse_before_index_parsing (test_resource_registration_preflight.ResourceRegistrationPreflightTests.test_registered_count_and_bytes_refuse_before_index_parsing) ... ok
test_all_three_images_insert_delete_and_same_owner_update (test_row_event_attribution.RowEventAttributionTests.test_all_three_images_insert_delete_and_same_owner_update) ... ok
test_event_availability_bounds_and_kind_refusals (test_row_event_attribution.RowEventAttributionTests.test_event_availability_bounds_and_kind_refusals) ... ok
test_missing_duplicate_and_changed_originals_refuse (test_row_event_attribution.RowEventAttributionTests.test_missing_duplicate_and_changed_originals_refuse) ... ok
test_update_preserves_both_old_new_associations (test_row_event_attribution.RowEventAttributionTests.test_update_preserves_both_old_new_associations) ... ok
test_closed_carrier_artifact_and_address_refusals (test_row_group_custody.GroupCustodyTests.test_closed_carrier_artifact_and_address_refusals) ... ok
test_duplicate_numeric_and_future_completion_syntax (test_row_group_custody.GroupCustodyTests.test_duplicate_numeric_and_future_completion_syntax) ... ok
test_empty_artifact_does_not_establish_family_admission (test_row_group_custody.GroupCustodyTests.test_empty_artifact_does_not_establish_family_admission) ... ok
test_original_immutable_projection_all_families (test_row_group_custody.GroupCustodyTests.test_original_immutable_projection_all_families) ... ok
test_all_retained_native_images_and_readonly_original_spans (test_row_image.NativeRowImageTests.test_all_retained_native_images_and_readonly_original_spans) ... ok
test_complete_byte_ceiling_and_invalid_cell_index (test_row_image.NativeRowImageTests.test_complete_byte_ceiling_and_invalid_cell_index) ... ok
test_complete_domain_count_oid_null_length_and_trailing_refusals (test_row_image.NativeRowImageTests.test_complete_domain_count_oid_null_length_and_trailing_refusals) ... ok
test_primitive_boolean_and_text_refusals (test_row_image.NativeRowImageTests.test_primitive_boolean_and_text_refusals) ... ok
test_all_input_preflight_precedes_decode (test_row_image_capture.RowImageCaptureTests.test_all_input_preflight_precedes_decode) ... ok
test_descriptor_completion_and_bounds_refuse (test_row_image_capture.RowImageCaptureTests.test_descriptor_completion_and_bounds_refuse) ... ok
test_duplicate_original_identity_refuses (test_row_image_capture.RowImageCaptureTests.test_duplicate_original_identity_refuses) ... ok
test_kind_correspondence_and_malformed_frame_refuse (test_row_image_capture.RowImageCaptureTests.test_kind_correspondence_and_malformed_frame_refuse) ... ok
test_original_cells_retained_after_input_container_change (test_row_image_capture.RowImageCaptureTests.test_original_cells_retained_after_input_container_change) ... ok
test_all_original_native_families (test_row_image_scalar_shape.ScalarShapeTests.test_all_original_native_families) ... ok
test_missing_and_extra_selected_payloads (test_row_image_scalar_shape.ScalarShapeTests.test_missing_and_extra_selected_payloads) ... ok
test_optional_timestamp_projection_and_present_empty_values (test_row_image_scalar_shape.ScalarShapeTests.test_optional_timestamp_projection_and_present_empty_values) ... ok
test_unknown_family_empty_token_and_original_carriers (test_row_image_scalar_shape.ScalarShapeTests.test_unknown_family_empty_token_and_original_carriers) ... ok
test_contiguous_sequence_and_missing_payload (test_row_image_tree.RowImageTreeTests.test_contiguous_sequence_and_missing_payload) ... ok
test_duplicate_child_slot_and_missing_state (test_row_image_tree.RowImageTreeTests.test_duplicate_child_slot_and_missing_state) ... ok
test_orphan_cycle_and_extra_root (test_row_image_tree.RowImageTreeTests.test_orphan_cycle_and_extra_root) ... ok
test_scalar_null_and_empty_containers (test_row_image_tree.RowImageTreeTests.test_scalar_null_and_empty_containers) ... ok
test_wrong_parent_kind_and_container_payload (test_row_image_tree.RowImageTreeTests.test_wrong_parent_kind_and_container_payload) ... ok
test_complete_manifest_addresses_keep_native_gaps (test_row_operation_address.RowOperationAddressTests.test_complete_manifest_addresses_keep_native_gaps) ... ok
test_exact_native_domains_and_scalar_spelling (test_row_operation_address.RowOperationAddressTests.test_exact_native_domains_and_scalar_spelling) ... ok
test_exact_output_boundary_and_preallocation_refusal (test_row_operation_address.RowOperationAddressTests.test_exact_output_boundary_and_preallocation_refusal) ... ok
test_noncanonical_and_foreign_address_refusals (test_row_operation_address.RowOperationAddressTests.test_noncanonical_and_foreign_address_refusals) ... ok
test_complete_original_projection_and_local_native_distinction (test_row_operation_context.OperationContextTests.test_complete_original_projection_and_local_native_distinction) ... ok
test_each_required_artifact_and_closed_native_context (test_row_operation_context.OperationContextTests.test_each_required_artifact_and_closed_native_context) ... ok
test_independent_correspondence_substitutions (test_row_operation_context.OperationContextTests.test_independent_correspondence_substitutions) ... ok
test_complete_local_order_and_artifact_refusals (test_row_operation_custody.RowOperationCustodyTests.test_complete_local_order_and_artifact_refusals) ... ok
test_complete_operation_count_bound (test_row_operation_custody.RowOperationCustodyTests.test_complete_operation_count_bound) ... ok
test_original_bytes_and_immutable_complete_projection (test_row_operation_custody.RowOperationCustodyTests.test_original_bytes_and_immutable_complete_projection) ... ok
test_array_bound_and_immutable_byte_input (test_row_operation_json.RowOperationJsonTests.test_array_bound_and_immutable_byte_input) ... ok
test_complete_ordered_syntax_does_not_rewrite_native_identity (test_row_operation_json.RowOperationJsonTests.test_complete_ordered_syntax_does_not_rewrite_native_identity) ... ok
test_full_eight_mib_syntax_ceiling_and_original_bytes (test_row_operation_json.RowOperationJsonTests.test_full_eight_mib_syntax_ceiling_and_original_bytes) ... ok
test_larger_profile_does_not_widen_acceptance (test_row_operation_json.RowOperationJsonTests.test_larger_profile_does_not_widen_acceptance) ... ok
test_strict_grammar_remains_shared (test_row_operation_json.RowOperationJsonTests.test_strict_grammar_remains_shared) ... ok
test_complete_unordered_cohort_and_ordered_contributors (test_row_registry_correspondence.RegistryCorrespondenceTests.test_complete_unordered_cohort_and_ordered_contributors) ... ok
test_duplicate_foreign_and_complete_capture_bounds (test_row_registry_correspondence.RegistryCorrespondenceTests.test_duplicate_foreign_and_complete_capture_bounds) ... ok
test_each_original_contributor_carrier_substitution (test_row_registry_correspondence.RegistryCorrespondenceTests.test_each_original_contributor_carrier_substitution) ... ok
test_noncontributor_scope_and_family_are_checked (test_row_registry_correspondence.RegistryCorrespondenceTests.test_noncontributor_scope_and_family_are_checked) ... ok
test_unique_unfinished_selection_without_latest_fallback (test_row_registry_correspondence.RegistryCorrespondenceTests.test_unique_unfinished_selection_without_latest_fallback) ... ok
test_exact_logical_bounds_and_complete_descriptor_completion (test_row_touch_registry.TouchRegistryTests.test_exact_logical_bounds_and_complete_descriptor_completion) ... ok
test_native_and_original_custody_corruptions_refuse (test_row_touch_registry.TouchRegistryTests.test_native_and_original_custody_corruptions_refuse) ... ok
test_original_native_vectors_full_cells_and_immutable_custody (test_row_touch_registry.TouchRegistryTests.test_original_native_vectors_full_cells_and_immutable_custody) ... ok
test_seal_history_signed_native_identity_and_duplicate_multiset (test_row_touch_registry.TouchRegistryTests.test_seal_history_signed_native_identity_and_duplicate_multiset) ... ok
test_close_failure_still_closes_remaining_connections_and_cluster (test_security_fixture_privacy.SecurityFixturePrivacyTests.test_close_failure_still_closes_remaining_connections_and_cluster) ... ok
test_cluster_cleanup_failure_is_retained_after_all_closes (test_security_fixture_privacy.SecurityFixturePrivacyTests.test_cluster_cleanup_failure_is_retained_after_all_closes) ... ok
test_failure_receipt_and_stderr_both_redact_original_context (test_security_fixture_privacy.SecurityFixturePrivacyTests.test_failure_receipt_and_stderr_both_redact_original_context) ... ok
test_unwritable_receipt_still_redacts_stderr_and_original_context (test_security_fixture_privacy.SecurityFixturePrivacyTests.test_unwritable_receipt_still_redacts_stderr_and_original_context) ... ok
test_aggregate_contributor_budget_refuses_before_operation_decoding (test_touch_operation_correspondence.TouchOperationCorrespondenceTests.test_aggregate_contributor_budget_refuses_before_operation_decoding) ... ok
test_empty_touch_cohort_does_not_skip_complete_operation_validation (test_touch_operation_correspondence.TouchOperationCorrespondenceTests.test_empty_touch_cohort_does_not_skip_complete_operation_validation) ... ok
test_missing_substituted_duplicate_and_foreign_originals_refuse (test_touch_operation_correspondence.TouchOperationCorrespondenceTests.test_missing_substituted_duplicate_and_foreign_originals_refuse) ... ok
test_shared_complete_cohort_and_original_contributor_membership (test_touch_operation_correspondence.TouchOperationCorrespondenceTests.test_shared_complete_cohort_and_original_contributor_membership) ... ok
test_touch_bounds_and_no_readiness_inference (test_touch_operation_correspondence.TouchOperationCorrespondenceTests.test_touch_bounds_and_no_readiness_inference) ... ok
test_async_compilers_refuse_without_execution_or_coroutine_leak (test_weft.CompilerBoundaryTests.test_async_compilers_refuse_without_execution_or_coroutine_leak) ... ok
test_bad_input_refuses_before_compiler (test_weft.CompilerBoundaryTests.test_bad_input_refuses_before_compiler) ... ok
test_blocked_exception_and_disposal_publish_no_plan (test_weft.CompilerBoundaryTests.test_blocked_exception_and_disposal_publish_no_plan) ... ok
test_changed_and_new_artifacts_refuse_without_retry (test_weft.CompilerBoundaryTests.test_changed_and_new_artifacts_refuse_without_retry) ... ok
test_reentrant_compilation_is_refused (test_weft.CompilerBoundaryTests.test_reentrant_compilation_is_refused) ... ok
test_retains_originals_and_freezes_nested_artifacts (test_weft.CompilerBoundaryTests.test_retains_originals_and_freezes_nested_artifacts) ... ok

----------------------------------------------------------------------
Ran 436 tests in 73.581s

OK
