test_complete_mapping_validation_still_required (test_security_association_binding.ArchivedBindingTests.test_complete_mapping_validation_still_required) ... ok
test_digest_corruption_refuses (test_security_association_binding.ArchivedBindingTests.test_digest_corruption_refuses) ... ok
test_empty_or_oversized_encoded_source_refuses (test_security_association_binding.ArchivedBindingTests.test_empty_or_oversized_encoded_source_refuses) ... ok
test_exact_original_dependency_recovery (test_security_association_binding.ArchivedBindingTests.test_exact_original_dependency_recovery) ... ok
test_external_ontology_substitution_refuses (test_security_association_binding.ArchivedBindingTests.test_external_ontology_substitution_refuses) ... ok
test_identity_refuses (test_security_association_binding.ArchivedBindingTests.test_identity_refuses) ... ok
test_invalid_base64_refuses (test_security_association_binding.ArchivedBindingTests.test_invalid_base64_refuses) ... ok
test_legacy_requires_external_original (test_security_association_binding.ArchivedBindingTests.test_legacy_requires_external_original) ... ok
test_missing_artifact_refuses (test_security_association_binding.ArchivedBindingTests.test_missing_artifact_refuses) ... ok
test_original_revision_still_required (test_security_association_binding.ArchivedBindingTests.test_original_revision_still_required) ... ok
test_original_source_digest_still_required (test_security_association_binding.ArchivedBindingTests.test_original_source_digest_still_required) ... ok
test_unknown_artifact_member_refuses (test_security_association_binding.ArchivedBindingTests.test_unknown_artifact_member_refuses) ... ok
test_attribute_dependent_key_cannot_be_collapsed_to_one_edge (test_security_association_binding.BindingTests.test_attribute_dependent_key_cannot_be_collapsed_to_one_edge) ... ok
test_authored_unique_subset_of_endpoints_positive (test_security_association_binding.BindingTests.test_authored_unique_subset_of_endpoints_positive) ... ok
test_both_explicit_orientations_preserve_roles (test_security_association_binding.BindingTests.test_both_explicit_orientations_preserve_roles) ... ok
test_changed_core_digest (test_security_association_binding.BindingTests.test_changed_core_digest) ... ok
test_changed_instance_key_selection (test_security_association_binding.BindingTests.test_changed_instance_key_selection) ... ok
test_changed_model_revision (test_security_association_binding.BindingTests.test_changed_model_revision) ... ok
test_changed_ontology_digest (test_security_association_binding.BindingTests.test_changed_ontology_digest) ... ok
test_changed_ontology_revision (test_security_association_binding.BindingTests.test_changed_ontology_revision) ... ok
test_composite_association_order_refuses (test_security_association_binding.BindingTests.test_composite_association_order_refuses) ... ok
test_composite_target_and_association_order_positive (test_security_association_binding.BindingTests.test_composite_target_and_association_order_positive) ... ok
test_composite_target_order_refuses (test_security_association_binding.BindingTests.test_composite_target_order_refuses) ... ok
test_duplicate_association (test_security_association_binding.BindingTests.test_duplicate_association) ... ok
test_duplicate_original_element_refuses (test_security_association_binding.BindingTests.test_duplicate_original_element_refuses) ... ok
test_duplicate_role (test_security_association_binding.BindingTests.test_duplicate_role) ... ok
test_duplicate_wire_member (test_security_association_binding.BindingTests.test_duplicate_wire_member) ... ok
test_escaped_duplicate_mapping_member_refuses_before_extraction (test_security_association_binding.BindingTests.test_escaped_duplicate_mapping_member_refuses_before_extraction) ... ok
test_escaped_mapping_member_and_values_preserve_bytes (test_security_association_binding.BindingTests.test_escaped_mapping_member_and_values_preserve_bytes) ... ok
test_exact_bytes_required (test_security_association_binding.BindingTests.test_exact_bytes_required) ... ok
test_exact_mapping_fragments_preserve_authored_format (test_security_association_binding.BindingTests.test_exact_mapping_fragments_preserve_authored_format) ... ok
test_excessive_source_depth_refuses (test_security_association_binding.BindingTests.test_excessive_source_depth_refuses) ... ok
test_explicit_storage_choices_survive_preparation (test_security_association_binding.BindingTests.test_explicit_storage_choices_survive_preparation) ... ok
test_extra_mapping (test_security_association_binding.BindingTests.test_extra_mapping) ... ok
test_lone_escaped_surrogate_refuses (test_security_association_binding.BindingTests.test_lone_escaped_surrogate_refuses) ... ok
test_malformed_source_shapes_refuse (test_security_association_binding.BindingTests.test_malformed_source_shapes_refuse) ... ok
test_mapping_bytes_cannot_be_mutated (test_security_association_binding.BindingTests.test_mapping_bytes_cannot_be_mutated) ... ok
test_mapping_last_or_first_member_has_identical_extraction (test_security_association_binding.BindingTests.test_mapping_last_or_first_member_has_identical_extraction) ... ok
test_multibyte_original_slice_preserves_utf8 (test_security_association_binding.BindingTests.test_multibyte_original_slice_preserves_utf8) ... ok
test_no_default_storage (test_security_association_binding.BindingTests.test_no_default_storage) ... ok
test_no_numeric_boolean_alias (test_security_association_binding.BindingTests.test_no_numeric_boolean_alias) ... ok
test_no_storage_choices_are_inferred_from_missing_carrier (test_security_association_binding.BindingTests.test_no_storage_choices_are_inferred_from_missing_carrier) ... ok
test_nonstring_endpoint_profile_is_unsupported (test_security_association_binding.BindingTests.test_nonstring_endpoint_profile_is_unsupported) ... ok
test_omitted_association (test_security_association_binding.BindingTests.test_omitted_association) ... ok
test_omitted_role (test_security_association_binding.BindingTests.test_omitted_role) ... ok
test_original_complete_two_association_basis (test_security_association_binding.BindingTests.test_original_complete_two_association_basis) ... ok
test_output_has_no_mutable_mapping_containers (test_security_association_binding.BindingTests.test_output_has_no_mutable_mapping_containers) ... ok
test_oversized_source_refuses (test_security_association_binding.BindingTests.test_oversized_source_refuses) ... ok
test_restrictive_storage (test_security_association_binding.BindingTests.test_restrictive_storage) ... ok
test_role_alias (test_security_association_binding.BindingTests.test_role_alias) ... ok
test_separate_instance_identity_cannot_be_collapsed_to_one_edge (test_security_association_binding.BindingTests.test_separate_instance_identity_cannot_be_collapsed_to_one_edge) ... ok
test_storage_basis_is_immutable (test_security_association_binding.BindingTests.test_storage_basis_is_immutable) ... ok
test_storage_pointer_tracks_original_mapping_order (test_security_association_binding.BindingTests.test_storage_pointer_tracks_original_mapping_order) ... ok
test_string_delimiters_do_not_change_mapping_boundaries (test_security_association_binding.BindingTests.test_string_delimiters_do_not_change_mapping_boundaries) ... ok
test_substituted_endpoint_field (test_security_association_binding.BindingTests.test_substituted_endpoint_field) ... ok
test_substituted_target (test_security_association_binding.BindingTests.test_substituted_target) ... ok
test_substituted_target_field (test_security_association_binding.BindingTests.test_substituted_target_field) ... ok
test_substituted_target_key (test_security_association_binding.BindingTests.test_substituted_target_key) ... ok
test_third_authored_role_is_unsupported (test_security_association_binding.BindingTests.test_third_authored_role_is_unsupported) ... ok
test_unknown_binding_members (test_security_association_binding.BindingTests.test_unknown_binding_members) ... ok
test_unknown_core_content_is_archived_without_interpretation (test_security_association_binding.BindingTests.test_unknown_core_content_is_archived_without_interpretation) ... ok
test_unknown_extreme_number_tokens_are_retained_exactly (test_security_association_binding.BindingTests.test_unknown_extreme_number_tokens_are_retained_exactly) ... ok

----------------------------------------------------------------------
Ran 62 tests in 0.025s

OK
